// Jest Snapshot v1, https://goo.gl/fbAQLP

exports[`App renders properly 1`] = `
<div>
  <div
    class="Toastify"
  />
  <div
    class="sc-jKJlTe cEYtix"
  >
    <div
      class="sc-ckVGcZ ddqPmx"
    >
      <img
        alt="Arlo, by VotingWorks"
        height="50px"
        src="/arlo.png"
      />
      <button
        class="bp3-button bp3-fill bp3-large bp3-intent-primary sc-dxgOiQ iDojWn"
        type="button"
      >
        <span
          class="bp3-button-text"
        >
          Create a New Audit
        </span>
      </button>
    </div>
  </div>
</div>
`;
