// Jest Snapshot v1, https://goo.gl/fbAQLP

exports[`renders correctly 1`] = `
<div>
  <p
    class="sc-bdVaJa dHwYGt"
  >
    Audit: 
    123
  </p>
</div>
`;
