// Jest Snapshot v1, https://goo.gl/fbAQLP

exports[`AuditFlow initial load fetches initial state from api 1`] = `
<div>
  <div
    class="sc-eNQAEJ jDJHSN"
  >
    <h1
      class="bp3-heading"
    >
      Member Sign in for Audit Board: 
      Audit Board #1
    </h1>
    <p>
      Enter the information below for each member of 
      Jurisdiction 1
       
      Audit Board #1
       below, then click "Next" to proceed.
    </p>
    <div
      class="sc-bxivhb cfvxmq"
    >
      <h2
        class="bp3-heading sc-htpNat fysvnw"
      />
      <form>
        <div
          class="sc-ifAKCX iKQdjg"
        >
          <h3
            class="bp3-heading sc-bZQynM vxpym"
          >
            Audit Board Member
          </h3>
          <label
            for="[0]name"
          >
            <span
              class="sc-htoDjs flCEIS"
            >
              Full Name
            </span>
            <input
              class="sc-dnqmqq jyHOFs"
              id="[0]name"
              name="[0]name"
              value=""
            />
          </label>
          <div>
            <span
              class="sc-htoDjs flCEIS"
            >
              Party Affiliation 
              <i>
                (optional)
              </i>
            </span>
            <div>
              <label
                class="bp3-control bp3-radio"
              >
                <input
                  name="[0]affiliation"
                  type="radio"
                  value="DEM"
                />
                <span
                  class="bp3-control-indicator"
                />
                Democrat
              </label>
              <label
                class="bp3-control bp3-radio"
              >
                <input
                  name="[0]affiliation"
                  type="radio"
                  value="REP"
                />
                <span
                  class="bp3-control-indicator"
                />
                Republican
              </label>
              <label
                class="bp3-control bp3-radio"
              >
                <input
                  name="[0]affiliation"
                  type="radio"
                  value="LIB"
                />
                <span
                  class="bp3-control-indicator"
                />
                Libertarian
              </label>
              <label
                class="bp3-control bp3-radio"
              >
                <input
                  name="[0]affiliation"
                  type="radio"
                  value="IND"
                />
                <span
                  class="bp3-control-indicator"
                />
                Independent/Unaffiliated
              </label>
              <label
                class="bp3-control bp3-radio"
              >
                <input
                  checked=""
                  name="[0]affiliation"
                  type="radio"
                  value=""
                />
                <span
                  class="bp3-control-indicator"
                />
                None
              </label>
            </div>
          </div>
        </div>
        <div
          class="sc-ifAKCX iKQdjg"
        >
          <h3
            class="bp3-heading sc-bZQynM vxpym"
          >
            Audit Board Member
          </h3>
          <label
            for="[1]name"
          >
            <span
              class="sc-htoDjs flCEIS"
            >
              Full Name
            </span>
            <input
              class="sc-dnqmqq jyHOFs"
              id="[1]name"
              name="[1]name"
              value=""
            />
          </label>
          <div>
            <span
              class="sc-htoDjs flCEIS"
            >
              Party Affiliation 
              <i>
                (optional)
              </i>
            </span>
            <div>
              <label
                class="bp3-control bp3-radio"
              >
                <input
                  name="[1]affiliation"
                  type="radio"
                  value="DEM"
                />
                <span
                  class="bp3-control-indicator"
                />
                Democrat
              </label>
              <label
                class="bp3-control bp3-radio"
              >
                <input
                  name="[1]affiliation"
                  type="radio"
                  value="REP"
                />
                <span
                  class="bp3-control-indicator"
                />
                Republican
              </label>
              <label
                class="bp3-control bp3-radio"
              >
                <input
                  name="[1]affiliation"
                  type="radio"
                  value="LIB"
                />
                <span
                  class="bp3-control-indicator"
                />
                Libertarian
              </label>
              <label
                class="bp3-control bp3-radio"
              >
                <input
                  name="[1]affiliation"
                  type="radio"
                  value="IND"
                />
                <span
                  class="bp3-control-indicator"
                />
                Independent/Unaffiliated
              </label>
              <label
                class="bp3-control bp3-radio"
              >
                <input
                  checked=""
                  name="[1]affiliation"
                  type="radio"
                  value=""
                />
                <span
                  class="bp3-control-indicator"
                />
                None
              </label>
            </div>
          </div>
        </div>
        <button
          class="bp3-button bp3-intent-primary sc-gzVnrw eLDrzZ"
          type="button"
        >
          <span
            class="bp3-button-text"
          >
            Next
          </span>
        </button>
      </form>
    </div>
  </div>
</div>
`;

exports[`AuditFlow initial load renders correctly 1`] = `
<div>
  <div
    class="sc-eNQAEJ jDJHSN"
  >
    <div
      class="bp3-spinner"
    >
      <div
        class="bp3-spinner-animation"
      >
        <svg
          height="50"
          stroke-width="8.00"
          viewBox="1.00 1.00 98.00 98.00"
          width="50"
        >
          <path
            class="bp3-spinner-track"
            d="M 50,50 m 0,-45 a 45,45 0 1 1 0,90 a 45,45 0 1 1 0,-90"
          />
          <path
            class="bp3-spinner-head"
            d="M 50,50 m 0,-45 a 45,45 0 1 1 0,90 a 45,45 0 1 1 0,-90"
            pathLength="280"
            stroke-dasharray="280 280"
            stroke-dashoffset="210"
          />
        </svg>
      </div>
    </div>
  </div>
</div>
`;

exports[`AuditFlow initial load renders member form 1`] = `
<div>
  <div
    class="sc-eNQAEJ jDJHSN"
  >
    <h1
      class="bp3-heading"
    >
      Member Sign in for Audit Board: 
      Audit Board #1
    </h1>
    <p>
      Enter the information below for each member of 
      Jurisdiction 1
       
      Audit Board #1
       below, then click "Next" to proceed.
    </p>
    <div
      class="sc-bxivhb cfvxmq"
    >
      <h2
        class="bp3-heading sc-htpNat fysvnw"
      />
      <form>
        <div
          class="sc-ifAKCX iKQdjg"
        >
          <h3
            class="bp3-heading sc-bZQynM vxpym"
          >
            Audit Board Member
          </h3>
          <label
            for="[0]name"
          >
            <span
              class="sc-htoDjs flCEIS"
            >
              Full Name
            </span>
            <input
              class="sc-dnqmqq jyHOFs"
              id="[0]name"
              name="[0]name"
              value=""
            />
          </label>
          <div>
            <span
              class="sc-htoDjs flCEIS"
            >
              Party Affiliation 
              <i>
                (optional)
              </i>
            </span>
            <div>
              <label
                class="bp3-control bp3-radio"
              >
                <input
                  name="[0]affiliation"
                  type="radio"
                  value="DEM"
                />
                <span
                  class="bp3-control-indicator"
                />
                Democrat
              </label>
              <label
                class="bp3-control bp3-radio"
              >
                <input
                  name="[0]affiliation"
                  type="radio"
                  value="REP"
                />
                <span
                  class="bp3-control-indicator"
                />
                Republican
              </label>
              <label
                class="bp3-control bp3-radio"
              >
                <input
                  name="[0]affiliation"
                  type="radio"
                  value="LIB"
                />
                <span
                  class="bp3-control-indicator"
                />
                Libertarian
              </label>
              <label
                class="bp3-control bp3-radio"
              >
                <input
                  name="[0]affiliation"
                  type="radio"
                  value="IND"
                />
                <span
                  class="bp3-control-indicator"
                />
                Independent/Unaffiliated
              </label>
              <label
                class="bp3-control bp3-radio"
              >
                <input
                  checked=""
                  name="[0]affiliation"
                  type="radio"
                  value=""
                />
                <span
                  class="bp3-control-indicator"
                />
                None
              </label>
            </div>
          </div>
        </div>
        <div
          class="sc-ifAKCX iKQdjg"
        >
          <h3
            class="bp3-heading sc-bZQynM vxpym"
          >
            Audit Board Member
          </h3>
          <label
            for="[1]name"
          >
            <span
              class="sc-htoDjs flCEIS"
            >
              Full Name
            </span>
            <input
              class="sc-dnqmqq jyHOFs"
              id="[1]name"
              name="[1]name"
              value=""
            />
          </label>
          <div>
            <span
              class="sc-htoDjs flCEIS"
            >
              Party Affiliation 
              <i>
                (optional)
              </i>
            </span>
            <div>
              <label
                class="bp3-control bp3-radio"
              >
                <input
                  name="[1]affiliation"
                  type="radio"
                  value="DEM"
                />
                <span
                  class="bp3-control-indicator"
                />
                Democrat
              </label>
              <label
                class="bp3-control bp3-radio"
              >
                <input
                  name="[1]affiliation"
                  type="radio"
                  value="REP"
                />
                <span
                  class="bp3-control-indicator"
                />
                Republican
              </label>
              <label
                class="bp3-control bp3-radio"
              >
                <input
                  name="[1]affiliation"
                  type="radio"
                  value="LIB"
                />
                <span
                  class="bp3-control-indicator"
                />
                Libertarian
              </label>
              <label
                class="bp3-control bp3-radio"
              >
                <input
                  name="[1]affiliation"
                  type="radio"
                  value="IND"
                />
                <span
                  class="bp3-control-indicator"
                />
                Independent/Unaffiliated
              </label>
              <label
                class="bp3-control bp3-radio"
              >
                <input
                  checked=""
                  name="[1]affiliation"
                  type="radio"
                  value=""
                />
                <span
                  class="bp3-control-indicator"
                />
                None
              </label>
            </div>
          </div>
        </div>
        <button
          class="bp3-button bp3-intent-primary sc-gzVnrw eLDrzZ"
          type="button"
        >
          <span
            class="bp3-button-text"
          >
            Next
          </span>
        </button>
      </form>
    </div>
  </div>
</div>
`;
