// Jest Snapshot v1, https://goo.gl/fbAQLP

exports[`renders corretly 1`] = `
Object {
  "asFragment": [Function],
  "baseElement": <body>
    <div>
      <form
        id="formTwo"
      >
        <div
          class="sc-ifAKCX gVocmv"
        >
          <div
            class="sc-bxivhb doxbWk"
          />
          <div
            class="sc-bdVaJa fdbLH"
          >
            <div
              class="sc-htpNat kRUApY"
            >
              Number of Audit Boards
            </div>
            <div
              class="sc-bwzfXH xctbO"
            >
              Set the number of audit boards you with to use.
            </div>
            <select
              id="auditBoards"
              name="auditBoards"
            >
              <option>
                1
              </option>
              <option>
                2
              </option>
              <option>
                3
              </option>
              <option>
                4
              </option>
              <option>
                5
              </option>
            </select>
          </div>
          <div
            class="sc-bdVaJa fdbLH"
          >
            <div
              class="sc-htpNat kRUApY"
            >
              Ballot Manifest
            </div>
            <div
              class="sc-bwzfXH xctbO"
            >
              <b>
                Filename:
              </b>
               
              Adams_County_Manifest.csv
            </div>
            <div
              class="sc-bwzfXH xctbO"
            >
              <b>
                Ballots:
              </b>
               
              123456
            </div>
            <div
              class="sc-bwzfXH xctbO"
            >
              <b>
                Batches:
              </b>
               
              560
            </div>
            <button
              class="sc-EHOje hXhzUo"
            >
              Delete File
            </button>
          </div>
        </div>
      </form>
    </div>
  </body>,
  "container": <div>
    <form
      id="formTwo"
    >
      <div
        class="sc-ifAKCX gVocmv"
      >
        <div
          class="sc-bxivhb doxbWk"
        />
        <div
          class="sc-bdVaJa fdbLH"
        >
          <div
            class="sc-htpNat kRUApY"
          >
            Number of Audit Boards
          </div>
          <div
            class="sc-bwzfXH xctbO"
          >
            Set the number of audit boards you with to use.
          </div>
          <select
            id="auditBoards"
            name="auditBoards"
          >
            <option>
              1
            </option>
            <option>
              2
            </option>
            <option>
              3
            </option>
            <option>
              4
            </option>
            <option>
              5
            </option>
          </select>
        </div>
        <div
          class="sc-bdVaJa fdbLH"
        >
          <div
            class="sc-htpNat kRUApY"
          >
            Ballot Manifest
          </div>
          <div
            class="sc-bwzfXH xctbO"
          >
            <b>
              Filename:
            </b>
             
            Adams_County_Manifest.csv
          </div>
          <div
            class="sc-bwzfXH xctbO"
          >
            <b>
              Ballots:
            </b>
             
            123456
          </div>
          <div
            class="sc-bwzfXH xctbO"
          >
            <b>
              Batches:
            </b>
             
            560
          </div>
          <button
            class="sc-EHOje hXhzUo"
          >
            Delete File
          </button>
        </div>
      </div>
    </form>
  </div>,
  "debug": [Function],
  "findAllByAltText": [Function],
  "findAllByDisplayValue": [Function],
  "findAllByLabelText": [Function],
  "findAllByPlaceholderText": [Function],
  "findAllByRole": [Function],
  "findAllByTestId": [Function],
  "findAllByText": [Function],
  "findAllByTitle": [Function],
  "findByAltText": [Function],
  "findByDisplayValue": [Function],
  "findByLabelText": [Function],
  "findByPlaceholderText": [Function],
  "findByRole": [Function],
  "findByTestId": [Function],
  "findByText": [Function],
  "findByTitle": [Function],
  "getAllByAltText": [Function],
  "getAllByDisplayValue": [Function],
  "getAllByLabelText": [Function],
  "getAllByPlaceholderText": [Function],
  "getAllByRole": [Function],
  "getAllByTestId": [Function],
  "getAllByText": [Function],
  "getAllByTitle": [Function],
  "getByAltText": [Function],
  "getByDisplayValue": [Function],
  "getByLabelText": [Function],
  "getByPlaceholderText": [Function],
  "getByRole": [Function],
  "getByTestId": [Function],
  "getByText": [Function],
  "getByTitle": [Function],
  "queryAllByAltText": [Function],
  "queryAllByDisplayValue": [Function],
  "queryAllByLabelText": [Function],
  "queryAllByPlaceholderText": [Function],
  "queryAllByRole": [Function],
  "queryAllByTestId": [Function],
  "queryAllByText": [Function],
  "queryAllByTitle": [Function],
  "queryByAltText": [Function],
  "queryByDisplayValue": [Function],
  "queryByLabelText": [Function],
  "queryByPlaceholderText": [Function],
  "queryByRole": [Function],
  "queryByTestId": [Function],
  "queryByText": [Function],
  "queryByTitle": [Function],
  "rerender": [Function],
  "unmount": [Function],
}
`;
